id: start1
type: iceunit
building: plains0
snow: 0
pickable: null
standers: esk1
pullers: esk1
masters: esk1
neighbours: end1

id: end1
type: iceunit
building: plains1
snow: 0
pickable: null
standers: pb1
pullers: null
masters: null
neighbours: start1

id: start2
type: iceunit
building: plains2
snow: 0
pickable: null
standers: pb2
pullers: null
masters: null
neighbours: end2

id: end2
type: iceunit
building: plains3
snow: 0
pickable: null
standers: esk2
pullers: esk2
masters: esk2
neighbours: start2

id: esk1
type: eskimo
iceUnit: start1
movebehaviour: walk0
bodyheat: 5
stamina: 4
digger: barehand0
waterProtecter: lung0
pullerDevice: basicpull0
tent: null
components: null

id: pb1
type: icebear
iceUnit: end1
movebehaviour: amph0

id: esk2
type: eskimo
iceUnit: end2
movebehaviour: walk1
bodyheat: 5
stamina: 4
digger: barehand1
waterProtecter: lung1
pullerDevice: basicpull1
tent: null
components: null

id: pb2
type: icebear
iceUnit: start2
movebehaviour: amph1

Game Over
id: esk1
type: eskimo
iceUnit: end1
movebehaviour: walk0
bodyheat: 5
stamina: 3
digger: barehand0
waterProtecter: lung0
pullerDevice: basicpull0
tent: null
components: null

id: pb1
type: icebear
iceUnit: end1
movebehaviour: amph0

id: esk2
type: eskimo
iceUnit: end2
movebehaviour: walk1
bodyheat: 5
stamina: 4
digger: barehand1
waterProtecter: lung1
pullerDevice: basicpull1
tent: null
components: null

id: pb2
type: icebear
iceUnit: end2
movebehaviour: amph1

id: start1
type: iceunit
building: plains0
snow: 0
pickable: null
standers: null
pullers: null
masters: null
neighbours: end1

id: end1
type: iceunit
building: plains1
snow: 0
pickable: null
standers: pb1, esk1
pullers: esk1
masters: esk1
neighbours: start1

id: start2
type: iceunit
building: plains2
snow: 0
pickable: null
standers: null
pullers: null
masters: null
neighbours: end2

id: end2
type: iceunit
building: plains3
snow: 0
pickable: null
standers: esk2, pb2
pullers: esk2
masters: esk2
neighbours: start2

id: esk1
type: eskimo
iceUnit: end1
movebehaviour: walk0
bodyheat: 5
stamina: 3
digger: barehand0
waterProtecter: lung0
pullerDevice: basicpull0
tent: null
components: null

id: pb1
type: icebear
iceUnit: end1
movebehaviour: amph0

id: esk2
type: eskimo
iceUnit: end2
movebehaviour: walk1
bodyheat: 5
stamina: 4
digger: barehand1
waterProtecter: lung1
pullerDevice: basicpull1
tent: null
components: null

id: pb2
type: icebear
iceUnit: end2
movebehaviour: amph1

