id: stable
type: iceunit
building: plains0
snow: 0
pickable: null
standers: mover
pullers: mover
masters: mover
neighbours: unstable

id: unstable
type: unstable
building: plains1
snow: 0
pickable: null
standers: null
pullers: null
masters: null
neighbours: stable
capacity: 1
broken: false

id: mover
type: eskimo
iceUnit: stable
movebehaviour: walk0
bodyheat: 5
stamina: 4
digger: barehand0
waterProtecter: lung0
pullerDevice: basicpull0
tent: null
components: null

Game Over
id: mover
type: eskimo
iceUnit: unstable
movebehaviour: walk0
bodyheat: 5
stamina: 3
digger: barehand0
waterProtecter: lung0
pullerDevice: basicpull0
tent: null
components: null

id: unstable
type: unstable
building: plains2
snow: 0
pickable: null
standers: mover
pullers: mover
masters: mover
neighbours: stable
capacity: 1
broken: true

