id: spawn
type: iceunit
building: plains0
snow: 0
pickable: null
standers: esk1, esk2
pullers: esk1, esk2
masters: esk1, esk2
neighbours: null

id: esk1
type: eskimo
iceUnit: spawn
movebehaviour: walk0
bodyheat: 5
stamina: 4
digger: barehand0
waterProtecter: lung0
pullerDevice: basicpull0
tent: tent1
components: null

id: esk2
type: eskimo
iceUnit: spawn
movebehaviour: walk1
bodyheat: 5
stamina: 4
digger: barehand1
waterProtecter: lung1
pullerDevice: basicpull1
tent: null
components: null

id: spawn
type: iceunit
building: tent1
snow: 0
pickable: null
standers: esk1, esk2
pullers: esk1, esk2
masters: esk1, esk2
neighbours: null

id: esk1
type: eskimo
iceUnit: spawn
movebehaviour: walk0
bodyheat: 5
stamina: 3
digger: barehand0
waterProtecter: lung0
pullerDevice: basicpull0
tent: tent1
components: null

id: esk2
type: eskimo
iceUnit: spawn
movebehaviour: walk1
bodyheat: 5
stamina: 4
digger: barehand1
waterProtecter: lung1
pullerDevice: basicpull1
tent: null
components: null

id: esk1
type: eskimo
iceUnit: spawn
movebehaviour: walk0
bodyheat: 5
stamina: 3
digger: barehand0
waterProtecter: lung0
pullerDevice: basicpull0
tent: tent1
components: null

id: esk2
type: eskimo
iceUnit: spawn
movebehaviour: walk1
bodyheat: 5
stamina: 4
digger: barehand1
waterProtecter: lung1
pullerDevice: basicpull1
tent: null
components: null

id: spawn
type: iceunit
building: tent1
snow: 0
pickable: null
standers: esk1, esk2
pullers: esk1, esk2
masters: esk1, esk2
neighbours: null

id: esk1
type: eskimo
iceUnit: spawn
movebehaviour: walk0
bodyheat: 5
stamina: 3
digger: barehand0
waterProtecter: lung0
pullerDevice: basicpull0
tent: tent1
components: null

id: esk2
type: eskimo
iceUnit: spawn
movebehaviour: walk1
bodyheat: 4
stamina: 4
digger: barehand1
waterProtecter: lung1
pullerDevice: basicpull1
tent: null
components: null

