id: spawn
type: iceunit
building: plains0
snow: 0
pickable: null
standers: master1, master2
pullers: master1, master2
masters: master1, master2
neighbours: null

id: master1
type: eskimo
iceUnit: spawn
movebehaviour: walk0
bodyheat: 5
stamina: 4
digger: barehand0
waterProtecter: lung0
pullerDevice: basicpull0
tent: null
components: pist1

id: master2
type: eskimo
iceUnit: spawn
movebehaviour: walk1
bodyheat: 5
stamina: 4
digger: barehand1
waterProtecter: lung1
pullerDevice: basicpull1
tent: null
components: cart1

id: master1
type: eskimo
iceUnit: spawn
movebehaviour: walk0
bodyheat: 5
stamina: 4
digger: barehand0
waterProtecter: lung0
pullerDevice: basicpull0
tent: null
components: pist1, cart2

id: master2
type: eskimo
iceUnit: spawn
movebehaviour: walk1
bodyheat: 5
stamina: 4
digger: barehand1
waterProtecter: lung1
pullerDevice: basicpull1
tent: null
components: cart1, pist2

id: spawn
type: iceunit
building: plains0
snow: 0
pickable: null
standers: master1, master2
pullers: master1, master2
masters: master1, master2
neighbours: null

id: master1
type: eskimo
iceUnit: spawn
movebehaviour: walk0
bodyheat: 5
stamina: 4
digger: barehand0
waterProtecter: lung0
pullerDevice: basicpull0
tent: null
components: pist1, cart2

id: master2
type: eskimo
iceUnit: spawn
movebehaviour: walk1
bodyheat: 5
stamina: 4
digger: barehand1
waterProtecter: lung1
pullerDevice: basicpull1
tent: null
components: cart1, pist2

