id: stable
type: iceunit
building: plains0
snow: 0
pickable: null
standers: mover
pullers: mover
masters: mover
neighbours: hole

id: hole
type: unstable
building: plains1
snow: 1
pickable: null
standers: null
pullers: null
masters: null
neighbours: stable
capacity: 1
broken: true

id: mover
type: eskimo
iceUnit: stable
movebehaviour: walk0
bodyheat: 5
stamina: 4
digger: barehand0
waterProtecter: lung0
pullerDevice: basicpull0
tent: null
components: null

Game Over
id: stable
type: iceunit
building: plains0
snow: 0
pickable: null
standers: null
pullers: null
masters: null
neighbours: hole

id: hole
type: unstable
building: plains1
snow: 0
pickable: null
standers: mover
pullers: mover
masters: mover
neighbours: stable
capacity: 1
broken: true

id: mover
type: eskimo
iceUnit: hole
movebehaviour: walk0
bodyheat: 5
stamina: 3
digger: barehand0
waterProtecter: lung0
pullerDevice: basicpull0
tent: null
components: null

