id: unstable
type: unstable
building: plains0
snow: 0
pickable: null
standers: null
pullers: null
masters: null
neighbours: null
capacity: 2
broken: true

Game Over
id: unstable
type: unstable
building: plains0
snow: 0
pickable: null
standers: e1, e2, e3, e4
pullers: e1, e2, e3, e4
masters: e1, e2, e3, e4
neighbours: null
capacity: 2
broken: true

