id: start
type: iceunit
building: plains0
snow: 0
pickable: null
standers: pb
pullers: null
masters: null
neighbours: end

id: end
type: iceunit
building: tent1
snow: 0
pickable: null
standers: esk
pullers: esk
masters: esk
neighbours: start

id: esk
type: eskimo
iceUnit: end
movebehaviour: walk0
bodyheat: 5
stamina: 3
digger: barehand0
waterProtecter: lung0
pullerDevice: basicpull0
tent: tent1
components: null

id: pb
type: icebear
iceUnit: start
movebehaviour: amph0

Game Over
id: start
type: iceunit
building: plains0
snow: 0
pickable: null
standers: null
pullers: null
masters: null
neighbours: end

id: end
type: iceunit
building: tent1
snow: 0
pickable: null
standers: esk, pb
pullers: esk
masters: esk
neighbours: start

id: esk
type: eskimo
iceUnit: end
movebehaviour: walk0
bodyheat: 5
stamina: 3
digger: barehand0
waterProtecter: lung0
pullerDevice: basicpull0
tent: tent1
components: null

id: pb
type: icebear
iceUnit: end
movebehaviour: amph0

