id: n1
type: iceunit
building: plains0
snow: 0
pickable: null
standers: pb
pullers: null
masters: null
neighbours: n2

id: n2
type: iceunit
building: plains1
snow: 0
pickable: null
standers: null
pullers: null
masters: null
neighbours: n1

id: pb
type: icebear
iceUnit: n1
movebehaviour: amph0

id: spawn
type: iceunit
building: plains2
snow: 0
pickable: null
standers: esk
pullers: esk
masters: esk
neighbours: null

id: esk
type: eskimo
iceUnit: spawn
movebehaviour: walk0
bodyheat: 5
stamina: 4
digger: barehand0
waterProtecter: lung0
pullerDevice: basicpull0
tent: null
components: null

esk

id: n1
type: iceunit
building: plains0
snow: 0
pickable: null
standers: null
pullers: null
masters: null
neighbours: n2

id: n2
type: iceunit
building: plains1
snow: 0
pickable: null
standers: pb
pullers: null
masters: null
neighbours: n1

id: pb
type: icebear
iceUnit: n2
movebehaviour: amph0

id: spawn
type: iceunit
building: plains2
snow: 0
pickable: null
standers: esk
pullers: esk
masters: esk
neighbours: null

id: esk
type: eskimo
iceUnit: spawn
movebehaviour: walk0
bodyheat: 5
stamina: 4
digger: barehand0
waterProtecter: lung0
pullerDevice: basicpull0
tent: null
components: null

esk

